------------------------------------------------------------
TimeQuest Timing Analyzer Summary
------------------------------------------------------------

Type  : Slow 1100mV 85C Model Setup 'Clock'
Slack : -0.829
TNS   : -2.210

Type  : Slow 1100mV 85C Model Hold 'Clock'
Slack : 0.693
TNS   : 0.000

Type  : Slow 1100mV 85C Model Minimum Pulse Width 'Clock'
Slack : -0.394
TNS   : -3.138

Type  : Slow 1100mV 0C Model Setup 'Clock'
Slack : -0.787
TNS   : -2.227

Type  : Slow 1100mV 0C Model Hold 'Clock'
Slack : 0.663
TNS   : 0.000

Type  : Slow 1100mV 0C Model Minimum Pulse Width 'Clock'
Slack : -0.394
TNS   : -3.396

Type  : Fast 1100mV 85C Model Setup 'Clock'
Slack : -0.103
TNS   : -0.103

Type  : Fast 1100mV 85C Model Hold 'Clock'
Slack : 0.425
TNS   : 0.000

Type  : Fast 1100mV 85C Model Minimum Pulse Width 'Clock'
Slack : -0.079
TNS   : -0.472

Type  : Fast 1100mV 0C Model Setup 'Clock'
Slack : -0.019
TNS   : -0.019

Type  : Fast 1100mV 0C Model Hold 'Clock'
Slack : 0.398
TNS   : 0.000

Type  : Fast 1100mV 0C Model Minimum Pulse Width 'Clock'
Slack : -0.081
TNS   : -0.482

------------------------------------------------------------
